Archive member included to satisfy reference by file (symbol)

/home/diskc/home/zyh/.local/sysroots/cortexa9hf-neon-poky-linux-gnueabi/usr/lib/arm-poky-linux-gnueabi/5.3.0/libgcc.a(_udivsi3.o)
                              arch/arm/cpu/armv7/built-in.o (__aeabi_uidiv)
/home/diskc/home/zyh/.local/sysroots/cortexa9hf-neon-poky-linux-gnueabi/usr/lib/arm-poky-linux-gnueabi/5.3.0/libgcc.a(_divsi3.o)
                              cmd/built-in.o (__aeabi_idiv)
/home/diskc/home/zyh/.local/sysroots/cortexa9hf-neon-poky-linux-gnueabi/usr/lib/arm-poky-linux-gnueabi/5.3.0/libgcc.a(_lshrdi3.o)
                              fs/built-in.o (__aeabi_llsr)
/home/diskc/home/zyh/.local/sysroots/cortexa9hf-neon-poky-linux-gnueabi/usr/lib/arm-poky-linux-gnueabi/5.3.0/libgcc.a(_ashldi3.o)
                              drivers/mmc/built-in.o (__aeabi_llsl)
/home/diskc/home/zyh/.local/sysroots/cortexa9hf-neon-poky-linux-gnueabi/usr/lib/arm-poky-linux-gnueabi/5.3.0/libgcc.a(_dvmd_lnx.o)
                              /home/diskc/home/zyh/.local/sysroots/cortexa9hf-neon-poky-linux-gnueabi/usr/lib/arm-poky-linux-gnueabi/5.3.0/libgcc.a(_udivsi3.o) (__aeabi_idiv0)

Discarded input sections

 .data          0x0000000000000000        0x0 arch/arm/cpu/armv7/start.o
 .bss           0x0000000000000000        0x0 arch/arm/cpu/armv7/start.o
 .text.v7_outer_cache_enable
                0x0000000000000000        0x4 arch/arm/cpu/armv7/built-in.o
 .text.v7_outer_cache_disable
                0x0000000000000000        0x4 arch/arm/cpu/armv7/built-in.o
 .text.v7_outer_cache_flush_all
                0x0000000000000000        0x4 arch/arm/cpu/armv7/built-in.o
 .text.v7_outer_cache_inval_all
                0x0000000000000000        0x4 arch/arm/cpu/armv7/built-in.o
 .text.v7_outer_cache_flush_range
                0x0000000000000000        0x4 arch/arm/cpu/armv7/built-in.o
 .text.v7_outer_cache_inval_range
                0x0000000000000000        0x4 arch/arm/cpu/armv7/built-in.o
 .text.v7_arch_cp15_set_l2aux_ctrl
                0x0000000000000000        0x8 arch/arm/cpu/armv7/built-in.o
 .text.v7_arch_cp15_set_acr
                0x0000000000000000        0x8 arch/arm/cpu/armv7/built-in.o
 .text.sdelay   0x0000000000000000        0xc arch/arm/cpu/armv7/built-in.o
 .text.wait_on_value
                0x0000000000000000       0x34 arch/arm/cpu/armv7/built-in.o
 .text.board_mmc_get_env_dev
                0x0000000000000000        0x8 arch/arm/cpu/armv7/built-in.o
 .text.get_boot_device
                0x0000000000000000       0x9c arch/arm/cpu/armv7/built-in.o
 .text.set_arm_freq_400M
                0x0000000000000000       0x2c arch/arm/cpu/armv7/built-in.o
 .text.enable_enet_clk
                0x0000000000000000       0x64 arch/arm/cpu/armv7/built-in.o
 .text.enable_uart_clk
                0x0000000000000000       0x54 arch/arm/cpu/armv7/built-in.o
 .text.enable_usdhc_clk
                0x0000000000000000       0x4c arch/arm/cpu/armv7/built-in.o
 .text.enable_spi_clk
                0x0000000000000000       0x44 arch/arm/cpu/armv7/built-in.o
 .data          0x0000000000000000        0x0 arch/arm/cpu/armv7/built-in.o
 .bss           0x0000000000000000        0x0 arch/arm/cpu/armv7/built-in.o
 .text          0x0000000000000000        0x0 arch/arm/imx-common/built-in.o
 .text.get_imx_reset_cause
                0x0000000000000000       0x10 arch/arm/imx-common/built-in.o
 .text.set_chipselect_size
                0x0000000000000000       0x84 arch/arm/imx-common/built-in.o
 .text.mxs_wait_mask_set
                0x0000000000000000       0x3c arch/arm/imx-common/built-in.o
 .text.mxs_wait_mask_clr
                0x0000000000000000       0x3c arch/arm/imx-common/built-in.o
 .text.mxs_reset_block
                0x0000000000000000       0x90 arch/arm/imx-common/built-in.o
 .text.detect_hdmi
                0x0000000000000000       0x18 arch/arm/imx-common/built-in.o
 .data          0x0000000000000000        0x0 arch/arm/imx-common/built-in.o
 .bss           0x0000000000000000        0x0 arch/arm/imx-common/built-in.o
 .text.reset_misc
                0x0000000000000000        0x4 arch/arm/lib/built-in.o
 .text.enable_caches
                0x0000000000000000        0xc arch/arm/lib/built-in.o
 .text.invalidate_dcache_range
                0x0000000000000000        0x4 arch/arm/lib/built-in.o
 .text.flush_dcache_range
                0x0000000000000000        0x4 arch/arm/lib/built-in.o
 .text.flush_dcache_all
                0x0000000000000000        0xc arch/arm/lib/built-in.o
 .text.arm_init_before_mmu
                0x0000000000000000        0x4 arch/arm/lib/built-in.o
 .text.mmu_page_table_flush
                0x0000000000000000        0x4 arch/arm/lib/built-in.o
 .rodata.pl310  0x0000000000000000        0x4 arch/arm/lib/built-in.o
 .data          0x0000000000000000        0x0 arch/arm/lib/built-in.o
 .__secure_start
                0x0000000000000000        0x0 arch/arm/lib/built-in.o
[...]
Memory Configuration

Name             Origin             Length             Attributes
*default*        0x0000000000000000 0xffffffffffffffff

Linker script and memory map

Address of section .text set to 0x17800000
                0x0000000000000000                . = 0x0
                0x0000000000000000                . = ALIGN (0x4)

.text           0x0000000017800000    0x49c3c
 *(.__image_copy_start)
 .__image_copy_start
                0x0000000017800000        0x0 arch/arm/lib/built-in.o
                0x0000000017800000                __image_copy_start
 *(.vectors)
 .vectors       0x0000000017800000      0x2e8 arch/arm/lib/built-in.o
                0x0000000017800000                _start
                0x0000000017800020                _undefined_instruction
                0x0000000017800024                _software_interrupt
                0x0000000017800028                _prefetch_abort
                0x000000001780002c                _data_abort
                0x0000000017800030                _not_used
                0x0000000017800034                _irq
                0x0000000017800038                _fiq
                0x0000000017800040                IRQ_STACK_START_IN
 arch/arm/cpu/armv7/start.o(.text*)
 .text          0x00000000178002e8       0xec arch/arm/cpu/armv7/start.o
                0x00000000178002e8                reset
                0x00000000178002ec                save_boot_params_ret
                0x0000000017800328                c_runtime_cpu_setup
                0x0000000017800338                save_boot_params
                0x000000001780033c                cpu_init_cp15
                0x00000000178003cc                cpu_init_crit
 *(.text*)
 .text          0x00000000178003d4       0x24 arch/arm/cpu/armv7/built-in.o
                0x00000000178003d4                lowlevel_init
 .text.v7_maint_dcache_all
                0x00000000178003f8       0xd0 arch/arm/cpu/armv7/built-in.o
 .text.invalidate_icache_all
                0x00000000178004c8       0x18 arch/arm/cpu/armv7/built-in.o
                0x00000000178004c8                invalidate_icache_all
 .text.flush_dcache_all
                0x00000000178004e0       0x14 arch/arm/cpu/armv7/built-in.o
                0x00000000178004e0                flush_dcache_all
 .text.invalidate_dcache_all
                0x00000000178004f4       0x14 arch/arm/cpu/armv7/built-in.o
                0x00000000178004f4                invalidate_dcache_all
 .text.arm_init_before_mmu
                0x0000000017800508       0x28 arch/arm/cpu/armv7/built-in.o
                0x0000000017800508                arm_init_before_mmu
 .text.flush_dcache_range
                0x0000000017800530       0x38 arch/arm/cpu/armv7/built-in.o
                0x0000000017800530                flush_dcache_range
 .text.mmu_page_table_flush
                0x0000000017800568       0x24 arch/arm/cpu/armv7/built-in.o
                0x0000000017800568                mmu_page_table_flush
 .text.invalidate_dcache_range
                0x000000001780058c       0xa8 arch/arm/cpu/armv7/built-in.o
                0x000000001780058c                invalidate_dcache_range
 .text.cpu_cache_initialization
                0x0000000017800634        0x4 arch/arm/cpu/armv7/built-in.o
                0x0000000017800634                cpu_cache_initialization
 .text.cleanup_before_linux_select
                0x0000000017800638       0x4c arch/arm/cpu/armv7/built-in.o
                0x0000000017800638                cleanup_before_linux_select
 *fill*         0x0000000017800684        0x4 
 .text.cleanup_before_linux
                0x0000000017800688       0xf0 arch/arm/cpu/armv7/built-in.o
                0x0000000017800688                cleanup_before_linux
 .text.get_nr_cpus
                0x0000000017800778       0x10 arch/arm/cpu/armv7/built-in.o
                0x0000000017800778                get_nr_cpus
 .text.get_cpu_rev
                0x0000000017800788       0x90 arch/arm/cpu/armv7/built-in.o
                0x0000000017800788                get_cpu_rev
 .text.set_ldo_voltage
                0x0000000017800818       0xd4 arch/arm/cpu/armv7/built-in.o
 .text.get_cpu_speed_grade_hz
                0x00000000178008ec      0x128 arch/arm/cpu/armv7/built-in.o
                0x00000000178008ec                get_cpu_speed_grade_hz
 .text.get_cpu_temp_grade
                0x0000000017800a14       0x68 arch/arm/cpu/armv7/built-in.o
                0x0000000017800a14                get_cpu_temp_grade
 .text.get_board_rev
                0x0000000017800a7c       0x40 arch/arm/cpu/armv7/built-in.o
                0x0000000017800a7c                get_board_rev
 .text.arch_cpu_init
                0x0000000017800abc      0x368 arch/arm/cpu/armv7/built-in.o
                0x0000000017800abc                arch_cpu_init
 .text.mmc_get_env_dev
                0x0000000017800e24       0x28 arch/arm/cpu/armv7/built-in.o
                0x0000000017800e24                mmc_get_env_dev
 .text.board_mmc_get_env_part
                0x0000000017800e4c        0x8 arch/arm/cpu/armv7/built-in.o
                0x0000000017800e4c                board_mmc_get_env_part
 .text.mmc_get_env_part
                0x0000000017800e54       0x28 arch/arm/cpu/armv7/built-in.o
                0x0000000017800e54                mmc_get_env_part
 .text.board_postclk_init
                0x0000000017800e7c       0x28 arch/arm/cpu/armv7/built-in.o
                0x0000000017800e7c                board_postclk_init
 .text.imx_get_mac_from_fuse
                0x0000000017800ea4       0xb8 arch/arm/cpu/armv7/built-in.o
                0x0000000017800ea4                imx_get_mac_from_fuse
 .text.set_wdog_reset
                0x0000000017800f5c       0x18 arch/arm/cpu/armv7/built-in.o
                0x0000000017800f5c                set_wdog_reset
 .text.reset_misc
                0x0000000017800f74        0x4 arch/arm/cpu/armv7/built-in.o
                0x0000000017800f74                reset_misc
 .text.s_init   0x0000000017800f78       0xa8 arch/arm/cpu/armv7/built-in.o
                0x0000000017800f78                s_init
 .text.imx_enable_hdmi_phy
                0x0000000017801020       0x4c arch/arm/cpu/armv7/built-in.o
                0x0000000017801020                imx_enable_hdmi_phy
 .text.imx_setup_hdmi
                0x000000001780106c       0x78 arch/arm/cpu/armv7/built-in.o
                0x000000001780106c                imx_setup_hdmi
 .text.check_ldo_bypass
                0x00000000178010e4       0x78 arch/arm/cpu/armv7/built-in.o
                0x00000000178010e4                check_ldo_bypass
 .text.check_1_2G
                0x000000001780115c       0x5c arch/arm/cpu/armv7/built-in.o
                0x000000001780115c                check_1_2G
 .text.prep_anatop_bypass
                0x00000000178011b8       0x60 arch/arm/cpu/armv7/built-in.o
                0x00000000178011b8                prep_anatop_bypass
 .text.set_anatop_bypass
                0x0000000017801218       0x50 arch/arm/cpu/armv7/built-in.o
                0x0000000017801218                set_anatop_bypass
 .text.finish_anatop_bypass
                0x0000000017801268       0x24 arch/arm/cpu/armv7/built-in.o
                0x0000000017801268                finish_anatop_bypass
 .text.get_ipg_clk
                0x000000001780128c       0x28 arch/arm/cpu/armv7/built-in.o
 .text.get_uart_clk
                0x00000000178012b4       0xd8 arch/arm/cpu/armv7/built-in.o
 .text.mxc_get_pll_pfd
                0x000000001780138c       0xd4 arch/arm/cpu/armv7/built-in.o
 .text.get_usdhc_clk
                0x0000000017801460       0xe8 arch/arm/cpu/armv7/built-in.o
 .text.enable_ocotp_clk
                0x0000000017801548       0x24 arch/arm/cpu/armv7/built-in.o
                0x0000000017801548                enable_ocotp_clk
 .text.enable_usboh3_clk
                0x000000001780156c       0x24 arch/arm/cpu/armv7/built-in.o
                0x000000001780156c                enable_usboh3_clk
 .text.enable_i2c_clk
                0x0000000017801590       0xd8 arch/arm/cpu/armv7/built-in.o
                0x0000000017801590                enable_i2c_clk
 .text.get_periph_clk
                0x0000000017801668       0xdc arch/arm/cpu/armv7/built-in.o
                0x0000000017801668                get_periph_clk
 .text.get_axi_clk
                0x0000000017801744       0x4c arch/arm/cpu/armv7/built-in.o
 .text.enable_fec_anatop_clock
                0x0000000017801790       0xf4 arch/arm/cpu/armv7/built-in.o
                0x0000000017801790                enable_fec_anatop_clock
 .text.imx_get_uartclk
                0x0000000017801884        0x4 arch/arm/cpu/armv7/built-in.o
                0x0000000017801884                imx_get_uartclk
 .text.enable_thermal_clk
                0x0000000017801888       0x48 arch/arm/cpu/armv7/built-in.o
                0x0000000017801888                enable_thermal_clk
 .text.mxc_get_clock
                0x00000000178018d0      0x4bc arch/arm/cpu/armv7/built-in.o
                0x00000000178018d0                mxc_get_clock
 .text.imx_get_fecclk
                0x0000000017801d8c        0x8 arch/arm/cpu/armv7/built-in.o
                0x0000000017801d8c                imx_get_fecclk
 .text.do_mx6_showclocks
                0x0000000017801d94      0x24c arch/arm/cpu/armv7/built-in.o
                0x0000000017801d94                do_mx6_showclocks
 .text.enable_ipu_clock
                0x0000000017801fe0       0x90 arch/arm/cpu/armv7/built-in.o
                0x0000000017801fe0                enable_ipu_clock
 .text.cpu_reset
                0x0000000017802070       0x28 arch/arm/cpu/armv7/built-in.o
                0x0000000017802070                cpu_reset
 .text.cpu_status
                0x0000000017802098       0x40 arch/arm/cpu/armv7/built-in.o
                0x0000000017802098                cpu_status
 .text.cpu_release
                0x00000000178020d8       0x84 arch/arm/cpu/armv7/built-in.o
                0x00000000178020d8                cpu_release
 .text.is_core_valid
                0x000000001780215c       0x1c arch/arm/cpu/armv7/built-in.o
                0x000000001780215c                is_core_valid
 .text.cpu_disable
                0x0000000017802178       0x28 arch/arm/cpu/armv7/built-in.o
                0x0000000017802178                cpu_disable
 .text.imx_iomux_v3_setup_pad
                0x00000000178021a0       0xfc arch/arm/imx-common/built-in.o
                0x00000000178021a0                imx_iomux_v3_setup_pad
 .text.imx_iomux_v3_setup_multiple_pads
                0x000000001780229c       0x2c arch/arm/imx-common/built-in.o
                0x000000001780229c                imx_iomux_v3_setup_multiple_pads
 .text.imx_iomux_set_gpr_register
                0x00000000178022c8       0x3c arch/arm/imx-common/built-in.o
                0x00000000178022c8                imx_iomux_set_gpr_register
 .text.imx_ddr_size
                0x0000000017802304       0x64 arch/arm/imx-common/built-in.o
                0x0000000017802304                imx_ddr_size
 .text.get_imx_type
                0x0000000017802368       0x20 arch/arm/imx-common/built-in.o
                0x0000000017802368                get_imx_type
 .text.print_cpuinfo
                0x0000000017802388      0x228 arch/arm/imx-common/built-in.o
                0x0000000017802388                print_cpuinfo
 .text.cpu_eth_init
                0x00000000178025b0        0x4 arch/arm/imx-common/built-in.o
                0x00000000178025b0                cpu_eth_init
 .text.cpu_mmc_init
                0x00000000178025b4        0x4 arch/arm/imx-common/built-in.o
                0x00000000178025b4                cpu_mmc_init
 .text.get_ahb_clk
                0x00000000178025b8       0x24 arch/arm/imx-common/built-in.o
                0x00000000178025b8                get_ahb_clk
 .text.arch_preboot_os
                0x00000000178025dc       0x14 arch/arm/imx-common/built-in.o
                0x00000000178025dc                arch_preboot_os
 .text.get_clocks
                0x00000000178025f0       0x1c arch/arm/imx-common/built-in.o
                0x00000000178025f0                get_clocks
 .text.force_idle_bus
                0x000000001780260c      0x1c4 arch/arm/imx-common/built-in.o
                0x000000001780260c                force_idle_bus
 .text.setup_i2c
                0x00000000178027d0       0xe4 arch/arm/imx-common/built-in.o
                0x00000000178027d0                setup_i2c
 .text.enable_caches
                0x00000000178028b4       0x34 arch/arm/imx-common/built-in.o
                0x00000000178028b4                enable_caches
 .text.v7_outer_cache_enable
                0x00000000178028e8       0x74 arch/arm/imx-common/built-in.o
                0x00000000178028e8                v7_outer_cache_enable
 .text.v7_outer_cache_disable
                0x000000001780295c       0x18 arch/arm/imx-common/built-in.o
                0x000000001780295c                v7_outer_cache_disable
 .text.init_aips
                0x0000000017802974       0xc0 arch/arm/imx-common/built-in.o
                0x0000000017802974                init_aips
 .text.imx_set_wdog_powerdown
                0x0000000017802a34       0xa0 arch/arm/imx-common/built-in.o
                0x0000000017802a34                imx_set_wdog_powerdown
 .text.init_src
                0x0000000017802ad4       0x18 arch/arm/imx-common/built-in.o
                0x0000000017802ad4                init_src
 .text.boot_mode_apply
                0x0000000017802aec       0x24 arch/arm/imx-common/built-in.o
                0x0000000017802aec                boot_mode_apply
 .text.board_video_skip
                0x0000000017802b10      0x1a0 arch/arm/imx-common/built-in.o
                0x0000000017802b10                board_video_skip
 .text.timer_init
                0x0000000017802cb0      0x198 arch/arm/imx-common/built-in.o
                0x0000000017802cb0                timer_init
 .text.timer_read_counter
                0x0000000017802e48       0x10 arch/arm/imx-common/built-in.o
                0x0000000017802e48                timer_read_counter
 .text.get_tbclk
                0x0000000017802e58       0xd0 arch/arm/imx-common/built-in.o
                0x0000000017802e58                get_tbclk
 .text.create_usage
                0x0000000017802f28       0xac arch/arm/imx-common/built-in.o
 .text.do_boot_mode
                0x0000000017802fd4       0xd4 arch/arm/imx-common/built-in.o
 .text.add_board_boot_modes
                0x00000000178030a8       0x60 arch/arm/imx-common/built-in.o
                0x00000000178030a8                add_board_boot_modes
 .text          0x0000000017803108       0x90 arch/arm/lib/built-in.o
                0x0000000017803108                _main
 .text.relocate_vectors
                0x0000000017803198       0x70 arch/arm/lib/built-in.o
                0x0000000017803198                relocate_vectors
                0x00000000178031a4                relocate_code
 .text.arch_fixup_fdt
                0x0000000017803208       0x38 arch/arm/lib/built-in.o
                0x0000000017803208                arch_fixup_fdt
 .text.boot_jump_linux
                0x0000000017803240       0xc4 arch/arm/lib/built-in.o
 .text.arch_lmb_reserve
                0x0000000017803304       0x24 arch/arm/lib/built-in.o
                0x0000000017803304                arch_lmb_reserve
 .text.setup_board_tags
                0x0000000017803328        0x4 arch/arm/lib/built-in.o
                0x0000000017803328                setup_board_tags
 .text.boot_prep_linux
                0x000000001780332c      0x1d4 arch/arm/lib/built-in.o
 .text.do_bootm_linux
                0x0000000017803500       0x64 arch/arm/lib/built-in.o
                0x0000000017803500                do_bootm_linux
 .text.bootz_setup
                0x0000000017803564       0x58 arch/arm/lib/built-in.o
                0x0000000017803564                bootz_setup
 .text.boot_prep_vxworks
                0x00000000178035bc       0x50 arch/arm/lib/built-in.o
                0x00000000178035bc                boot_prep_vxworks
 .text.boot_jump_vxworks
                0x000000001780360c        0xc arch/arm/lib/built-in.o
                0x000000001780360c                boot_jump_vxworks
 .text.pl310_background_op_all_ways
                0x0000000017803618       0x38 arch/arm/lib/built-in.o
 .text.v7_outer_cache_inval_all
                0x0000000017803650        0xc arch/arm/lib/built-in.o
                0x0000000017803650                v7_outer_cache_inval_all
 .text.v7_outer_cache_flush_all
                0x000000001780365c        0xc arch/arm/lib/built-in.o
                0x000000001780365c                v7_outer_cache_flush_all
 .text.v7_outer_cache_flush_range
                0x0000000017803668       0x30 arch/arm/lib/built-in.o
                0x0000000017803668                v7_outer_cache_flush_range
 .text.v7_outer_cache_inval_range
                0x0000000017803698       0x80 arch/arm/lib/built-in.o
                0x0000000017803698                v7_outer_cache_inval_range
 .text.arch_reserve_stacks
                0x0000000017803718       0x1c arch/arm/lib/built-in.o
                0x0000000017803718                arch_reserve_stacks
 .text.interrupt_init
                0x0000000017803734       0x1c arch/arm/lib/built-in.o
                0x0000000017803734                interrupt_init
 .text.enable_interrupts
                0x0000000017803750        0x4 arch/arm/lib/built-in.o
                0x0000000017803750                enable_interrupts
 .text.disable_interrupts
                0x0000000017803754        0x8 arch/arm/lib/built-in.o
                0x0000000017803754                disable_interrupts
 .text.bad_mode
                0x000000001780375c       0x10 arch/arm/lib/built-in.o
                0x000000001780375c                bad_mode
 .text.show_regs
                0x000000001780376c      0x174 arch/arm/lib/built-in.o
                0x000000001780376c                show_regs
 .text.do_undefined_instruction
                0x00000000178038e0       0x20 arch/arm/lib/built-in.o
                0x00000000178038e0                do_undefined_instruction
 .text.do_software_interrupt
                0x0000000017803900       0x20 arch/arm/lib/built-in.o
                0x0000000017803900                do_software_interrupt
 .text.do_prefetch_abort
                0x0000000017803920       0x20 arch/arm/lib/built-in.o
                0x0000000017803920                do_prefetch_abort
 .text.do_data_abort
                0x0000000017803940       0x20 arch/arm/lib/built-in.o
                0x0000000017803940                do_data_abort
 .text.do_not_used
                0x0000000017803960       0x20 arch/arm/lib/built-in.o
                0x0000000017803960                do_not_used
 .text.do_fiq   0x0000000017803980       0x20 arch/arm/lib/built-in.o
                0x0000000017803980                do_fiq
 .text.do_irq   0x00000000178039a0       0x20 arch/arm/lib/built-in.o
                0x00000000178039a0                do_irq
 .text.do_reset
                0x00000000178039c0       0x30 arch/arm/lib/built-in.o
                0x00000000178039c0                do_reset
 .text.flush_cache
                0x00000000178039f0        0x8 arch/arm/lib/built-in.o
                0x00000000178039f0                flush_cache
 .text.cp_delay
                0x00000000178039f8       0x30 arch/arm/lib/built-in.o
 .text.arm_init_domains
                0x0000000017803a28        0x4 arch/arm/lib/built-in.o
                0x0000000017803a28                arm_init_domains
 .text.set_section_dcache
                0x0000000017803a2c       0x14 arch/arm/lib/built-in.o
                0x0000000017803a2c                set_section_dcache
 .text.mmu_set_region_dcache_behaviour
                0x0000000017803a40       0x4c arch/arm/lib/built-in.o
                0x0000000017803a40                mmu_set_region_dcache_behaviour
 .text.dram_bank_mmu_setup
                0x0000000017803a8c       0x44 arch/arm/lib/built-in.o
                0x0000000017803a8c                dram_bank_mmu_setup
 .text.icache_enable
                0x0000000017803ad0       0x18 arch/arm/lib/built-in.o
                0x0000000017803ad0                icache_enable
 .text.icache_disable
                0x0000000017803ae8       0x20 arch/arm/lib/built-in.o
                0x0000000017803ae8                icache_disable
 .text.icache_status
                0x0000000017803b08        0xc arch/arm/lib/built-in.o
                0x0000000017803b08                icache_status
 .text.dcache_enable
                0x0000000017803b14       0x7c arch/arm/lib/built-in.o
                0x0000000017803b14                dcache_enable
 .text.dcache_disable
                0x0000000017803b90       0x2c arch/arm/lib/built-in.o
                0x0000000017803b90                dcache_disable
 .text.dcache_status
                0x0000000017803bbc        0xc arch/arm/lib/built-in.o
                0x0000000017803bbc                dcache_status
 .text.pfuze_mode_init
                0x0000000017803bc8       0xd4 board/freescale/common/built-in.o
                0x0000000017803bc8                pfuze_mode_init
 .text.pfuze_common_init
                0x0000000017803c9c      0x10c board/freescale/common/built-in.o
                0x0000000017803c9c                pfuze_common_init
 .text.board_late_mmc_env_init
                0x0000000017803da8       0x9c board/freescale/common/built-in.o
                0x0000000017803da8                board_late_mmc_env_init
 .text.enable_lvds
                0x0000000017803e44       0x18 board/freescale/mx6sabresd/built-in.o
 .text.enable_rgb
                0x0000000017803e5c       0x24 board/freescale/mx6sabresd/built-in.o
 .text.do_enable_hdmi
                0x0000000017803e80       0x18 board/freescale/mx6sabresd/built-in.o
 .text.dram_init
                0x0000000017803e98       0x18 board/freescale/mx6sabresd/built-in.o
                0x0000000017803e98                dram_init
 .text.board_spi_cs_gpio
                0x0000000017803eb0       0x10 board/freescale/mx6sabresd/built-in.o
                0x0000000017803eb0                board_spi_cs_gpio
 .text.board_mmc_get_env_dev
                0x0000000017803ec0        0x8 board/freescale/mx6sabresd/built-in.o
                0x0000000017803ec0                board_mmc_get_env_dev
 .text.mmc_map_to_kernel_blk
                0x0000000017803ec8        0x8 board/freescale/mx6sabresd/built-in.o
                0x0000000017803ec8                mmc_map_to_kernel_blk
 .text.board_mmc_getcd
                0x0000000017803ed0       0x60 board/freescale/mx6sabresd/built-in.o
                0x0000000017803ed0                board_mmc_getcd
 .text.board_mmc_init
                0x0000000017803f30       0xb8 board/freescale/mx6sabresd/built-in.o
                0x0000000017803f30                board_mmc_init
 .text.mx6_rgmii_rework
                0x0000000017803fe8      0x110 board/freescale/mx6sabresd/built-in.o
                0x0000000017803fe8                mx6_rgmii_rework
 .text.board_phy_config
                0x00000000178040f8       0x2c board/freescale/mx6sabresd/built-in.o
                0x00000000178040f8                board_phy_config
 .text.power_on_and_reset_mipi_panel_6DL
                0x0000000017804124       0x38 board/freescale/mx6sabresd/built-in.o
                0x0000000017804124                power_on_and_reset_mipi_panel_6DL
 .text.mipi_clk_enable
                0x000000001780415c       0x18 board/freescale/mx6sabresd/built-in.o
                0x000000001780415c                mipi_clk_enable
 .text.dphy_write_control
                0x0000000017804174       0x34 board/freescale/mx6sabresd/built-in.o
                0x0000000017804174                dphy_write_control
 .text.mipi_dsi_enable_controller
                0x00000000178041a8      0x108 board/freescale/mx6sabresd/built-in.o
                0x00000000178041a8                mipi_dsi_enable_controller
 .text.mipi_dsi_set_mode
                0x00000000178042b0       0x74 board/freescale/mx6sabresd/built-in.o
                0x00000000178042b0                mipi_dsi_set_mode
 .text.mipi_dsi_enable
                0x0000000017804324       0x38 board/freescale/mx6sabresd/built-in.o
                0x0000000017804324                mipi_dsi_enable
 .text.overwrite_console
                0x000000001780435c        0x8 board/freescale/mx6sabresd/built-in.o
                0x000000001780435c                overwrite_console
 .text.board_eth_init
                0x0000000017804364       0x5c board/freescale/mx6sabresd/built-in.o
                0x0000000017804364                board_eth_init
 .text.board_ehci_hcd_init
                0x00000000178043c0       0x28 board/freescale/mx6sabresd/built-in.o
                0x00000000178043c0                board_ehci_hcd_init
 .text.board_ehci_power
                0x00000000178043e8       0x48 board/freescale/mx6sabresd/built-in.o
                0x00000000178043e8                board_ehci_power
 .text.board_early_init_f
                0x0000000017804430       0x8c board/freescale/mx6sabresd/built-in.o
                0x0000000017804430                board_early_init_f
 .text.board_init
                0x00000000178044bc       0xfc board/freescale/mx6sabresd/built-in.o
                0x00000000178044bc                board_init
 .text.power_init_board
                0x00000000178045b8      0x254 board/freescale/mx6sabresd/built-in.o
                0x00000000178045b8                power_init_board
 .text.ldo_mode_set
                0x000000001780480c      0x2b8 board/freescale/mx6sabresd/built-in.o
                0x000000001780480c                ldo_mode_set
 .text.board_late_init
                0x0000000017804ac4       0xc0 board/freescale/mx6sabresd/built-in.o
                0x0000000017804ac4                board_late_init
 .text.checkboard
                0x0000000017804b84       0x18 board/freescale/mx6sabresd/built-in.o
                0x0000000017804b84                checkboard
 .text.do_go_exec
                0x0000000017804b9c       0x10 cmd/built-in.o
                0x0000000017804b9c                do_go_exec
 .text.do_go    0x0000000017804bac       0x6c cmd/built-in.o
 .text.do_bootm
                0x0000000017804c18      0x10c cmd/built-in.o
                0x0000000017804c18                do_bootm
 .text.do_bootd
                0x0000000017804d24       0x20 cmd/built-in.o
                0x0000000017804d24                do_bootd
 .text.image_info
                0x0000000017804d44       0xcc cmd/built-in.o
 .text.do_iminfo
                0x0000000017804e10       0x5c cmd/built-in.o
 .text.bootm_maybe_autostart
                0x0000000017804e6c       0x78 cmd/built-in.o
                0x0000000017804e6c                bootm_maybe_autostart
 .text.do_bootz
                0x0000000017804ee4       0xf8 cmd/built-in.o
                0x0000000017804ee4                do_bootz
 .text.do_help  0x0000000017804fdc       0x44 cmd/built-in.o
 .text.do_version
                0x0000000017805020       0x38 cmd/built-in.o
 .text.source   0x0000000017805058       0xd8 cmd/built-in.o
                0x0000000017805058                source
 .text.do_source
                0x0000000017805130       0x44 cmd/built-in.o
 .text.print_num
                0x0000000017805174       0x14 cmd/built-in.o
 .text.do_bdinfo
                0x0000000017805188      0x190 cmd/built-in.o
 .text.do_bmp   0x0000000017805318       0x58 cmd/built-in.o
 .text.do_bmp_info
                0x0000000017805370      0x10c cmd/built-in.o
 .text.bmp_display
                0x000000001780547c       0x50 cmd/built-in.o
                0x000000001780547c                bmp_display
 .text.do_bmp_display
                0x00000000178054cc       0xbc cmd/built-in.o
 .text.parse_argv
                0x0000000017805588       0x64 cmd/built-in.o
 .text.do_icache
                0x00000000178055ec       0x88 cmd/built-in.o
 .text.do_dcache
                0x0000000017805674       0x88 cmd/built-in.o
 .text.do_coninfo
                0x00000000178056fc       0xb0 cmd/built-in.o
 .text.do_echo  0x00000000178057ac       0xb0 cmd/built-in.o
 .text.load_elf_image_shdr
                0x000000001780585c       0x8c cmd/built-in.o
 .text.valid_elf_image
                0x00000000178058e8       0x4c cmd/built-in.o
                0x00000000178058e8                valid_elf_image
 .text.do_bootelf
                0x0000000017805934      0x1b0 cmd/built-in.o
                0x0000000017805934                do_bootelf
 .text.do_bootvx
                0x0000000017805ae4      0x330 cmd/built-in.o
                0x0000000017805ae4                do_bootvx
 .text.do_exit  0x0000000017805e14       0x3c cmd/built-in.o
 .text.do_ext4_size
                0x0000000017805e50       0x18 cmd/built-in.o
                0x0000000017805e50                do_ext4_size
 .text.do_ext4_load
                0x0000000017805e68       0x18 cmd/built-in.o
                0x0000000017805e68                do_ext4_load
 .text.do_ext4_ls
                0x0000000017805e80       0x18 cmd/built-in.o
                0x0000000017805e80                do_ext4_ls
 .text.do_ext4_write
                0x0000000017805e98       0x18 cmd/built-in.o
                0x0000000017805e98                do_ext4_write
 .text.do_ext2load
                0x0000000017805eb0       0x18 cmd/built-in.o
                0x0000000017805eb0                do_ext2load
 .text.do_ext2ls
                0x0000000017805ec8       0x18 cmd/built-in.o
 .text.do_fat_size
                0x0000000017805ee0       0x18 cmd/built-in.o
                0x0000000017805ee0                do_fat_size
 .text.do_fat_fsload
                0x0000000017805ef8       0x18 cmd/built-in.o
                0x0000000017805ef8                do_fat_fsload
 .text.do_fat_ls
                0x0000000017805f10       0x18 cmd/built-in.o
 .text.do_fat_fsinfo
                0x0000000017805f28       0x90 cmd/built-in.o
 .text.fdt_valid
                0x0000000017805fb8       0xbc cmd/built-in.o
 .text.is_printable_string
                0x0000000017806074       0x9c cmd/built-in.o
 .text.print_data
                0x0000000017806110      0x174 cmd/built-in.o
 .text.set_working_fdt_addr
                0x0000000017806284       0x1c cmd/built-in.o
                0x0000000017806284                set_working_fdt_addr
 .text.do_fdt   0x00000000178062a0      0xe5c cmd/built-in.o
 .text.do_flerase
                0x00000000178070fc        0x8 cmd/built-in.o
 .text.do_protect
                0x0000000017807104       0x10 cmd/built-in.o
 .text.do_flinfo
                0x0000000017807114        0x8 cmd/built-in.o
 .text.do_size_wrapper
                0x000000001780711c       0x18 cmd/built-in.o
 .text.do_load_wrapper
                0x0000000017807134       0x18 cmd/built-in.o
 .text.do_save_wrapper
                0x000000001780714c       0x18 cmd/built-in.o
 .text.do_ls_wrapper
                0x0000000017807164       0x18 cmd/built-in.o
 .text.do_fstype_wrapper
                0x000000001780717c        0x4 cmd/built-in.o
 .text.strtou32
                0x0000000017807180       0x44 cmd/built-in.o
 .text.do_fuse  0x00000000178071c4      0x358 cmd/built-in.o
 .text.name_to_gpio
                0x000000001780751c        0xc cmd/built-in.o
                0x000000001780751c                name_to_gpio
 .text.do_gpio  0x0000000017807528      0x154 cmd/built-in.o
 .text.do_i2c   0x000000001780767c       0x68 cmd/built-in.o
 .text.do_i2c_bus_speed
                0x00000000178076e4       0x78 cmd/built-in.o
 .text.do_i2c_reset
                0x000000001780775c       0x2c cmd/built-in.o
 .text.do_i2c_probe
                0x0000000017807788       0x9c cmd/built-in.o
 .text.do_i2c_bus_num
                0x0000000017807824       0xb8 cmd/built-in.o
 .text.do_i2c_show_bus
                0x00000000178078dc       0xd0 cmd/built-in.o
 .text.get_alen.constprop.5
                0x00000000178079ac       0x3c cmd/built-in.o
 .text.do_i2c_crc
                0x00000000178079e8      0x120 cmd/built-in.o
 .text.mod_i2c_mem.isra.3
                0x0000000017807b08      0x1f0 cmd/built-in.o
 .text.do_i2c_nm
                0x0000000017807cf8        0x8 cmd/built-in.o
 .text.do_i2c_mm
                0x0000000017807d00        0x8 cmd/built-in.o
 .text.do_i2c_md
                0x0000000017807d08      0x1e4 cmd/built-in.o
 .text.do_i2c_read
                0x0000000017807eec       0xbc cmd/built-in.o
 .text.do_i2c_mw
                0x0000000017807fa8       0xfc cmd/built-in.o
 .text.do_i2c_write
                0x00000000178080a4      0x14c cmd/built-in.o
 .text.do_i2c_loop
                0x00000000178081f0       0xe4 cmd/built-in.o
 .text.i2c_init_board
                0x00000000178082d4        0x4 cmd/built-in.o
                0x00000000178082d4                i2c_init_board
 .text.evalexp  0x00000000178082d8       0x78 cmd/built-in.o
 .text.evalstr  0x0000000017808350       0x6c cmd/built-in.o
 .text.binary_test
                0x00000000178083bc      0x1c0 cmd/built-in.o
 .text.do_itest
                0x000000001780857c       0x88 cmd/built-in.o
 .text.bin_data_init
                0x0000000017808604       0x2c cmd/built-in.o
 .text.k_data_save
                0x0000000017808630       0x4c cmd/built-in.o
 .text.k_data_restore
                0x000000001780867c       0x4c cmd/built-in.o
 .text.getcxmodem
                0x00000000178086c8       0x20 cmd/built-in.o
 .text.load_serial_ymodem
                0x00000000178086e8       0xcc cmd/built-in.o
 .text.bin_data_char
                0x00000000178087b4       0x2c cmd/built-in.o
 .text.chk1.constprop.1
                0x00000000178087e0       0x2c cmd/built-in.o
 .text.s1_sendpacket.constprop.2
                0x000000001780880c       0x50 cmd/built-in.o
 .text.load_serial
                0x000000001780885c      0x1f0 cmd/built-in.o
 .text.do_load_serial
                0x0000000017808a4c       0xdc cmd/built-in.o
 .text.do_load_serial_bin
                0x0000000017808b28      0x7a4 cmd/built-in.o
 .text.do_mem_mw
                0x00000000178092cc       0xc0 cmd/built-in.o
 .text.do_mem_loop
                0x000000001780938c       0xec cmd/built-in.o
 .text.do_mem_md
                0x0000000017809478       0xe4 cmd/built-in.o
 .text.do_mem_cmp
                0x000000001780955c      0x168 cmd/built-in.o
 .text.do_mem_base
                0x00000000178096c4       0x40 cmd/built-in.o
 .text.do_mem_cp
                0x0000000017809704       0xd8 cmd/built-in.o
 .text.do_mem_crc
                0x00000000178097dc       0x48 cmd/built-in.o
 .text.do_mem_mtest
                0x0000000017809824      0x224 cmd/built-in.o
 .text.mod_mem.isra.0
                0x0000000017809a48      0x16c cmd/built-in.o
 .text.do_mem_mm
                0x0000000017809bb4        0x8 cmd/built-in.o
 .text.do_mem_nm
                0x0000000017809bbc        0x8 cmd/built-in.o
 .text.extract_range
                0x0000000017809bc4       0xe4 cmd/built-in.o
 .text.do_mii   0x0000000017809ca8      0x8f0 cmd/built-in.o
 .text.do_mdio  0x000000001780a598      0x4ec cmd/built-in.o
 .text.do_sleep
                0x000000001780aa84       0x70 cmd/built-in.o
 .text.do_mmcops
                0x000000001780aaf4       0xb8 cmd/built-in.o
 .text.init_mmc_device
                0x000000001780abac       0x54 cmd/built-in.o
 .text.do_mmc_rescan
                0x000000001780ac00       0x24 cmd/built-in.o
 .text.do_mmc_rst_func
                0x000000001780ac24       0xa0 cmd/built-in.o
 .text.do_mmc_partconf
                0x000000001780acc4       0xb4 cmd/built-in.o
 .text.do_mmc_boot_resize
                0x000000001780ad78       0xcc cmd/built-in.o
 .text.do_mmc_bootbus
                0x000000001780ae44       0xb4 cmd/built-in.o
 .text.do_mmc_hwpartition
                0x000000001780aef8      0x510 cmd/built-in.o
 .text.do_mmc_list
                0x000000001780b408       0x14 cmd/built-in.o
 .text.do_mmc_dev
                0x000000001780b41c      0x134 cmd/built-in.o
 .text.do_mmc_part
                0x000000001780b550       0x5c cmd/built-in.o
 .text.do_mmc_erase
                0x000000001780b5ac       0xe8 cmd/built-in.o
 .text.do_mmc_write
                0x000000001780b694      0x100 cmd/built-in.o
 .text.do_mmc_read
                0x000000001780b794       0xec cmd/built-in.o
 .text.do_mmcinfo
                0x000000001780b880      0x370 cmd/built-in.o
 .text.do_mmc_setdsr
                0x000000001780bbf0       0xb0 cmd/built-in.o
 .text.cpu_cmd  0x000000001780bca0      0x160 cmd/built-in.o
 .text.netboot_common
                0x000000001780be00      0x294 cmd/built-in.o
 .text.do_bootp
                0x000000001780c094        0xc cmd/built-in.o
 .text.do_dhcp  0x000000001780c0a0        0xc cmd/built-in.o
 .text.do_nfs   0x000000001780c0ac        0xc cmd/built-in.o
 .text.do_tftpb
                0x000000001780c0b8       0x40 cmd/built-in.o
                0x000000001780c0b8                do_tftpb
 .text.do_ping  0x000000001780c0f8       0x78 cmd/built-in.o
 .text.bytes_per_second
                0x000000001780c170       0x50 cmd/built-in.o
 .text.do_spi_flash
                0x000000001780c1c0      0x868 cmd/built-in.o
 .text.substitute
                0x000000001780ca28       0xf0 cmd/built-in.o
 .text.get_arg  0x000000001780cb18       0x58 cmd/built-in.o
 .text.regex_sub
                0x000000001780cb70      0x450 cmd/built-in.o
 .text.do_setexpr
                0x000000001780cfc0      0x1a0 cmd/built-in.o
 .text.do_false
                0x000000001780d160        0x8 cmd/built-in.o
 .text.do_true  0x000000001780d168        0x8 cmd/built-in.o
 .text.do_test  0x000000001780d170      0x338 cmd/built-in.o
 .text.usb_get_class_desc
                0x000000001780d4a8       0xbc cmd/built-in.o
 .text.usb_find_device
                0x000000001780d564       0x3c cmd/built-in.o
 .text.usb_show_tree_graph
                0x000000001780d5a0      0x228 cmd/built-in.o
 .text.usb_display_class_sub
                0x000000001780d7c8      0x170 cmd/built-in.o
 .text.usb_display_string
                0x000000001780d938       0x44 cmd/built-in.o
 .text.usb_display_config
                0x000000001780d97c      0x20c cmd/built-in.o
 .text.do_usbboot
                0x000000001780db88        0xc cmd/built-in.o
 .text.usb_display_desc.part.1
                0x000000001780db94      0x12c cmd/built-in.o
 .text.do_usb_start
                0x000000001780dcc0       0x38 cmd/built-in.o
 .text.usb_show_tree
                0x000000001780dcf8       0x54 cmd/built-in.o
                0x000000001780dcf8                usb_show_tree
 .text.do_usb   0x000000001780dd4c      0x750 cmd/built-in.o
 .text.ums_read_sector
                0x000000001780e49c       0x20 cmd/built-in.o
 .text.ums_write_sector
                0x000000001780e4bc       0x20 cmd/built-in.o
 .text.ums_fini
                0x000000001780e4dc       0x60 cmd/built-in.o
 .text.do_usb_mass_storage
                0x000000001780e53c      0x33c cmd/built-in.o
                0x000000001780e53c                do_usb_mass_storage
 .text.do_imgextract
                0x000000001780e878      0x290 cmd/built-in.o
 .text.do_dfu   0x000000001780eb08      0x17c cmd/built-in.o
 .text.do_env_delete
                0x000000001780ec84       0x9c cmd/built-in.o
 .text.do_env_exists
                0x000000001780ed20       0x64 cmd/built-in.o
 .text.do_env_save
                0x000000001780ed84       0x2c cmd/built-in.o
 .text.do_env   0x000000001780edb0       0x68 cmd/built-in.o
 .text.env_print
                0x000000001780ee18       0xc0 cmd/built-in.o
 .text.do_env_print
                0x000000001780eed8       0xc4 cmd/built-in.o
 .text.do_env_import
                0x000000001780ef9c      0x284 cmd/built-in.o
 .text.do_env_default
                0x000000001780f220       0xa8 cmd/built-in.o
 .text._do_env_set.isra.0
                0x000000001780f2c8      0x1bc cmd/built-in.o
 .text.do_env_set
                0x000000001780f484       0x20 cmd/built-in.o
 .text.get_env_id
                0x000000001780f4a4       0x10 cmd/built-in.o
                0x000000001780f4a4                get_env_id
 .text.setenv   0x000000001780f4b4       0x60 cmd/built-in.o
                0x000000001780f4b4                setenv
 .text.setenv_ulong
                0x000000001780f514       0x20 cmd/built-in.o
                0x000000001780f514                setenv_ulong
 .text.setenv_hex
                0x000000001780f534       0x34 cmd/built-in.o
                0x000000001780f534                setenv_hex
 .text.do_env_export
                0x000000001780f568      0x258 cmd/built-in.o
 .text.envmatch
                0x000000001780f7c0       0x6c cmd/built-in.o
                0x000000001780f7c0                envmatch
 .text.getenv_f
                0x000000001780f82c       0xc0 cmd/built-in.o
                0x000000001780f82c                getenv_f
 .text.getenv   0x000000001780f8ec       0x78 cmd/built-in.o
                0x000000001780f8ec                getenv
 .text.getenv_hex
                0x000000001780f964       0x3c cmd/built-in.o
                0x000000001780f964                getenv_hex
 .text.getenv_ulong
                0x000000001780f9a0       0x30 cmd/built-in.o
                0x000000001780f9a0                getenv_ulong
 .text.do_env_edit.part.2
                0x000000001780f9d0       0xa4 cmd/built-in.o
 .text.do_env_edit
                0x000000001780fa74       0x2c cmd/built-in.o
 .text.common_diskboot
                0x000000001780faa0      0x234 cmd/built-in.o
                0x000000001780faa0                common_diskboot
 .text.board_init_f_alloc_reserve
                0x000000001780fcd4       0x10 common/built-in.o
                0x000000001780fcd4                board_init_f_alloc_reserve
 .text.board_init_f_init_reserve
                0x000000001780fce4       0x20 common/built-in.o
                0x000000001780fce4                board_init_f_init_reserve
 .text.show_boot_progress
                0x000000001780fd04        0x4 common/built-in.o
                0x000000001780fd04                show_boot_progress
 .text.main_loop
                0x000000001780fd08       0x30 common/built-in.o
                0x000000001780fd08                main_loop
 .text.dummy    0x000000001780fd38        0x4 common/built-in.o
 .text.get_version
                0x000000001780fd3c        0x8 common/built-in.o
                0x000000001780fd3c                get_version
 .text.jumptable_init
                0x000000001780fd44      0x1e0 common/built-in.o
                0x000000001780fd44                jumptable_init
 .text.hash_finish_crc32
                0x000000001780ff24       0x30 common/built-in.o
 .text.hash_update_crc32
                0x000000001780ff54       0x24 common/built-in.o
 .text.hash_init_crc32
                0x000000001780ff78       0x24 common/built-in.o
 .text.hash_lookup_algo
                0x000000001780ff9c       0x28 common/built-in.o
                0x000000001780ff9c                hash_lookup_algo
 .text.hash_command
                0x000000001780ffc4       0xb4 common/built-in.o
                0x000000001780ffc4                hash_command
 .text.b_reset  0x0000000017810078       0x1c common/built-in.o
 .text.static_get
                0x0000000017810094       0x1c common/built-in.o
 .text.file_peek
                0x00000000178100b0        0xc common/built-in.o
 .text.mapset   0x00000000178100bc       0x20 common/built-in.o
 .text.syntax_err
                0x00000000178100dc        0xc common/built-in.o
 .text.free_pipe_list
                0x00000000178100e8       0xf4 common/built-in.o
 .text.xmalloc  0x00000000178101dc       0x20 common/built-in.o
 .text.new_pipe
                0x00000000178101fc       0x28 common/built-in.o
 .text.xrealloc
                0x0000000017810224       0x20 common/built-in.o
 .text.done_command
                0x0000000017810244       0x88 common/built-in.o
 .text.done_pipe
                0x00000000178102cc       0x48 common/built-in.o
 .text.done_word
                0x0000000017810314      0x2e4 common/built-in.o
 .text.do_showvar
                0x00000000178105f8       0xf4 common/built-in.o
 .text.is_assignment
                0x00000000178106ec       0x5c common/built-in.o
 .text.file_get
                0x0000000017810748      0x1f0 common/built-in.o
 .text.b_addchr
                0x0000000017810938       0x80 common/built-in.o
 .text.b_addqchr
                0x00000000178109b8       0x50 common/built-in.o
 .text.static_peek
                0x0000000017810a08        0xc common/built-in.o
 .text.get_local_var
                0x0000000017810a14       0xa0 common/built-in.o
                0x0000000017810a14                get_local_var
 .text.set_local_var
                0x0000000017810ab4      0x1bc common/built-in.o
                0x0000000017810ab4                set_local_var
 .text.insert_var_value_sub
                0x0000000017810c70      0x2c0 common/built-in.o
 .text.parse_string_outer
                0x0000000017810f30       0xe4 common/built-in.o
                0x0000000017810f30                parse_string_outer
 .text.run_list_real
                0x0000000017811014      0x7b8 common/built-in.o
 .text.parse_stream_outer
                0x00000000178117cc      0x6d0 common/built-in.o
 .text.parse_file_outer
                0x0000000017811e9c       0x44 common/built-in.o
                0x0000000017811e9c                parse_file_outer
 .text.u_boot_hush_start
                0x0000000017811ee0       0x54 common/built-in.o
                0x0000000017811ee0                u_boot_hush_start
 .text.bootdelay_process
                0x0000000017811f34       0xd0 common/built-in.o
                0x0000000017811f34                bootdelay_process
 .text.autoboot_command
                0x0000000017812004       0xe8 common/built-in.o
                0x0000000017812004                autoboot_command
 .text.setup_mon_len
                0x00000000178120ec       0x20 common/built-in.o
 .text.reserve_round_4k
                0x000000001781210c       0x18 common/built-in.o
 .text.reserve_mmu
                0x0000000017812124       0x38 common/built-in.o
 .text.reserve_uboot
                0x000000001781215c       0x30 common/built-in.o
 .text.reserve_malloc
                0x000000001781218c       0x18 common/built-in.o
 .text.setup_machine
                0x00000000178121a4       0x14 common/built-in.o
 .text.reserve_global_data
                0x00000000178121b8       0x1c common/built-in.o
 .text.reserve_fdt
                0x00000000178121d4       0x4c common/built-in.o
 .text.initf_console_record
                0x0000000017812220        0x8 common/built-in.o
 .text.arch_cpu_init_dm
                0x0000000017812228        0x8 common/built-in.o
                0x0000000017812228                arch_cpu_init_dm
 .text.announce_dram_init
                0x0000000017812230       0x18 common/built-in.o
 .text.init_func_i2c
                0x0000000017812248       0x28 common/built-in.o
 .text.init_baud_rate
                0x0000000017812270       0x2c common/built-in.o
 .text.mark_bootstage
                0x000000001781229c       0x14 common/built-in.o
 .text.initf_dm
                0x00000000178122b0        0x8 common/built-in.o
 .text.setup_reloc
                0x00000000178122b8       0x3c common/built-in.o
 .text.reloc_fdt
                0x00000000178122f4       0x44 common/built-in.o
 .text.reserve_board
                0x0000000017812338       0x40 common/built-in.o
 .text.reserve_arch
                0x0000000017812378        0x8 common/built-in.o
                0x0000000017812378                reserve_arch
 .text.display_text_info
                0x0000000017812380        0x8 common/built-in.o
 .text.reserve_trace
                0x0000000017812388        0x8 common/built-in.o
 .text.display_new_sp
                0x0000000017812390        0x8 common/built-in.o
 .text.coloured_LED_init
                0x0000000017812398        0x4 common/built-in.o
                0x0000000017812398                coloured_LED_init
 .text.red_led_on
                0x000000001781239c        0x4 common/built-in.o
                0x000000001781239c                red_led_on
 .text.board_add_ram_info
                0x00000000178123a0        0x4 common/built-in.o
                0x00000000178123a0                board_add_ram_info
 .text.show_dram_config
                0x00000000178123a4       0x38 common/built-in.o
 .text.dram_init_banksize
                0x00000000178123dc       0x20 common/built-in.o
                0x00000000178123dc                dram_init_banksize
 .text.setup_dram_config
                0x00000000178123fc       0x10 common/built-in.o
 .text.board_get_usable_ram_top
                0x000000001781240c       0x14 common/built-in.o
                0x000000001781240c                board_get_usable_ram_top
 .text.board_reserve_ram_top
                0x0000000017812420        0x4 common/built-in.o
                0x0000000017812420                board_reserve_ram_top
 .text.setup_dest_addr
                0x0000000017812424       0x4c common/built-in.o
 .text.reserve_stacks
                0x0000000017812470       0x1c common/built-in.o
 .text.board_init_f
                0x000000001781248c       0x28 common/built-in.o
                0x000000001781248c                board_init_f
 .text.bootstage_relocate
                0x00000000178124b4        0x8 common/built-in.o
 .text.initr_reloc
                0x00000000178124bc       0x18 common/built-in.o
 .text.initr_reloc_global_data
                0x00000000178124d4       0x28 common/built-in.o
 .text.initr_announce
                0x00000000178124fc        0x8 common/built-in.o
 .text.run_main_loop
                0x0000000017812504        0xc common/built-in.o
 .text.initr_net
                0x0000000017812510       0x1c common/built-in.o
 .text.initr_ethaddr
                0x000000001781252c       0x20 common/built-in.o
 .text.initr_enable_interrupts
                0x000000001781254c       0x10 common/built-in.o
 .text.initr_jumptable
                0x000000001781255c       0x10 common/built-in.o
 .text.initr_env
                0x000000001781256c       0x30 common/built-in.o
 .text.initr_mmc
                0x000000001781259c       0x20 common/built-in.o
 .text.initr_serial
                0x00000000178125bc       0x10 common/built-in.o
 .text.initr_bootstage
                0x00000000178125cc       0x14 common/built-in.o
 .text.initr_dm
                0x00000000178125e0       0x14 common/built-in.o
 .text.initr_malloc
                0x00000000178125f4       0x24 common/built-in.o
 .text.initr_caches
                0x0000000017812618       0x10 common/built-in.o
 .text.initr_console_record
                0x0000000017812628        0x8 common/built-in.o
 .text.initr_trace
                0x0000000017812630        0x8 common/built-in.o
 .text.initr_barrier
                0x0000000017812638        0x8 common/built-in.o
 .text.cpu_secondary_init_r
                0x0000000017812640        0x4 common/built-in.o
                0x0000000017812640                cpu_secondary_init_r
 .text.initr_secondary_cpu
                0x0000000017812644       0x10 common/built-in.o
 .text.board_init_r
                0x0000000017812654       0x14 common/built-in.o
                0x0000000017812654                board_init_r
 .text.show_board_info
                0x0000000017812668        0x4 common/built-in.o
                0x0000000017812668                show_board_info
 .text.bootm_find_images
                0x000000001781266c       0xa8 common/built-in.o
                0x000000001781266c                bootm_find_images
 .text.bootm_decomp_image
                0x0000000017812714      0x14c common/built-in.o
                0x0000000017812714                bootm_decomp_image
 .text.bootm_disable_interrupts
                0x0000000017812860       0x18 common/built-in.o
                0x0000000017812860                bootm_disable_interrupts
 .text.do_bootm_states
                0x0000000017812878      0x750 common/built-in.o
                0x0000000017812878                do_bootm_states
 .text.copy_args
                0x0000000017812fc8       0x50 common/built-in.o
 .text.do_bootm_rtems
                0x0000000017813018       0x40 common/built-in.o
 .text.do_bootm_plan9
                0x0000000017813058       0xa4 common/built-in.o
 .text.do_bootm_standalone
                0x00000000178130fc       0x64 common/built-in.o
 .text.do_bootm_qnxelf
                0x0000000017813160       0x5c common/built-in.o
 .text.do_bootm_netbsd
                0x00000000178131bc       0xf8 common/built-in.o
 .text.do_bootvx_fdt
                0x00000000178132b4      0x118 common/built-in.o
                0x00000000178132b4                do_bootvx_fdt
 .text.do_bootm_vxworks
                0x00000000178133cc       0x24 common/built-in.o
 .text.boot_selected_os
                0x00000000178133f0       0x58 common/built-in.o
                0x00000000178133f0                boot_selected_os
 .text.bootm_os_get_boot_func
                0x0000000017813448       0x10 common/built-in.o
                0x0000000017813448                bootm_os_get_boot_func
 .text.regex_callback
                0x0000000017813458      0x134 common/built-in.o
 .text.env_attr_walk
                0x000000001781358c      0x128 common/built-in.o
                0x000000001781358c                env_attr_walk
 .text.env_attr_lookup
                0x00000000178136b4       0x84 common/built-in.o
                0x00000000178136b4                env_attr_lookup
 .text.clear_callback
                0x0000000017813738       0x10 common/built-in.o
 .text.find_env_callback
                0x0000000017813748       0x64 common/built-in.o
 .text.on_callbacks
                0x00000000178137ac       0x50 common/built-in.o
 .text.set_callback
                0x00000000178137fc       0x98 common/built-in.o
 .text.env_callback_init
                0x0000000017813894       0xc4 common/built-in.o
                0x0000000017813894                env_callback_init
 .text.skip_num
                0x0000000017813958       0x78 common/built-in.o
 .text.clear_flags
                0x00000000178139d0       0x10 common/built-in.o
 .text.on_flags
                0x00000000178139e0       0x50 common/built-in.o
 .text.env_flags_parse_vartype
                0x0000000017813a30       0x50 common/built-in.o
                0x0000000017813a30                env_flags_parse_vartype
 .text.env_flags_parse_varaccess
                0x0000000017813a80       0x58 common/built-in.o
                0x0000000017813a80                env_flags_parse_varaccess
 .text.set_flags
                0x0000000017813ad8       0xb0 common/built-in.o
 .text.eth_validate_ethaddr_str
                0x0000000017813b88       0x94 common/built-in.o
                0x0000000017813b88                eth_validate_ethaddr_str
 .text.env_flags_init
                0x0000000017813c1c       0xd8 common/built-in.o
                0x0000000017813c1c                env_flags_init
 .text.env_flags_validate
                0x0000000017813cf4      0x2b8 common/built-in.o
                0x0000000017813cf4                env_flags_validate
 .text.mmc_get_env_addr
                0x0000000017813fac       0x10 common/built-in.o
                0x0000000017813fac                mmc_get_env_addr
 .text.fini_mmc_for_env.isra.0
                0x0000000017813fbc       0x1c common/built-in.o
 .text.env_init
                0x0000000017813fd8       0x1c common/built-in.o
                0x0000000017813fd8                env_init
 .text.init_mmc_for_env
                0x0000000017813ff4       0x78 common/built-in.o
 .text.saveenv  0x000000001781406c      0x114 common/built-in.o
                0x000000001781406c                saveenv
 .text.env_relocate_spec
                0x0000000017814180       0xe0 common/built-in.o
                0x0000000017814180                env_relocate_spec
 .text.fdt_find_and_setprop
                0x0000000017814260       0x70 common/built-in.o
                0x0000000017814260                fdt_find_and_setprop
 .text.fdt_find_or_add_subnode
                0x00000000178142d0       0x60 common/built-in.o
                0x00000000178142d0                fdt_find_or_add_subnode
 .text.fdt_root
                0x0000000017814330       0x90 common/built-in.o
                0x0000000017814330                fdt_root
 .text.fdt_initrd
                0x00000000178143c0      0x1cc common/built-in.o
                0x00000000178143c0                fdt_initrd
 .text.fdt_chosen
                0x000000001781458c       0xa8 common/built-in.o
                0x000000001781458c                fdt_chosen
 .text.do_fixup_by_path
                0x0000000017814634       0x54 common/built-in.o
                0x0000000017814634                do_fixup_by_path
 .text.fdt_fixup_memory_banks
                0x0000000017814688      0x1b0 common/built-in.o
                0x0000000017814688                fdt_fixup_memory_banks
 .text.fdt_fixup_memory
                0x0000000017814838       0x20 common/built-in.o
                0x0000000017814838                fdt_fixup_memory
 .text.fdt_fixup_ethernet
                0x0000000017814858      0x174 common/built-in.o
                0x0000000017814858                fdt_fixup_ethernet
 .text.fdt_shrink_to_minimum
                0x00000000178149cc       0xcc common/built-in.o
                0x00000000178149cc                fdt_shrink_to_minimum
 .text.miiphy_get_dev_by_name
                0x0000000017814a98       0x60 common/built-in.o
                0x0000000017814a98                miiphy_get_dev_by_name
 .text.miiphy_init
                0x0000000017814af8       0x24 common/built-in.o
                0x0000000017814af8                miiphy_init
 .text.mdio_alloc
                0x0000000017814b1c       0x30 common/built-in.o
                0x0000000017814b1c                mdio_alloc
 .text.mdio_register
                0x0000000017814b4c       0x94 common/built-in.o
                0x0000000017814b4c                mdio_register
 .text.mdio_unregister
                0x0000000017814be0       0x3c common/built-in.o
                0x0000000017814be0                mdio_unregister
 .text.mdio_list_devices
                0x0000000017814c1c       0x98 common/built-in.o
                0x0000000017814c1c                mdio_list_devices
 .text.miiphy_set_current_dev
                0x0000000017814cb4       0x40 common/built-in.o
                0x0000000017814cb4                miiphy_set_current_dev
 .text.miiphy_get_active_dev
                0x0000000017814cf4       0x54 common/built-in.o
 .text.mdio_get_current_dev
                0x0000000017814d48       0x10 common/built-in.o
                0x0000000017814d48                mdio_get_current_dev
 .text.mdio_phydev_for_ethname
                0x0000000017814d58       0x88 common/built-in.o
                0x0000000017814d58                mdio_phydev_for_ethname
 .text.miiphy_get_current_dev
                0x0000000017814de0       0x18 common/built-in.o
                0x0000000017814de0                miiphy_get_current_dev
 .text.miiphy_read
                0x0000000017814df8       0x4c common/built-in.o
                0x0000000017814df8                miiphy_read
 .text.miiphy_write
                0x0000000017814e44       0x40 common/built-in.o
                0x0000000017814e44                miiphy_write
 .text.miiphy_listdev
                0x0000000017814e84       0x74 common/built-in.o
                0x0000000017814e84                miiphy_listdev
 .text.miiphy_info
                0x0000000017814ef8       0x88 common/built-in.o
                0x0000000017814ef8                miiphy_info
 .text.miiphy_speed
                0x0000000017814f80       0x94 common/built-in.o
                0x0000000017814f80                miiphy_speed
 .text.miiphy_duplex
                0x0000000017815014       0x94 common/built-in.o
                0x0000000017815014                miiphy_duplex
 .text.miiphy_is_1000base_x
                0x00000000178150a8        0x8 common/built-in.o
                0x00000000178150a8                miiphy_is_1000base_x
 .text.usb_set_maxpacket_ep
                0x00000000178150b0       0x70 common/built-in.o
 .text.usb_stop
                0x0000000017815120       0x64 common/built-in.o
                0x0000000017815120                usb_stop
 .text.usb_disable_asynch
                0x0000000017815184       0x20 common/built-in.o
                0x0000000017815184                usb_disable_asynch
 .text.usb_control_msg
                0x00000000178151a4       0xc0 common/built-in.o
                0x00000000178151a4                usb_control_msg
 .text.usb_get_descriptor
                0x0000000017815264       0x58 common/built-in.o
 .text.get_descriptor_len
                0x00000000178152bc       0x90 common/built-in.o
 .text.usb_get_string
                0x000000001781534c       0x70 common/built-in.o
 .text.usb_string_sub
                0x00000000178153bc      0x108 common/built-in.o
 .text.usb_bulk_msg
                0x00000000178154c4       0x70 common/built-in.o
                0x00000000178154c4                usb_bulk_msg
 .text.usb_maxpacket
                0x0000000017815534       0x1c common/built-in.o
                0x0000000017815534                usb_maxpacket
 .text.usb_clear_halt
                0x0000000017815550       0x90 common/built-in.o
                0x0000000017815550                usb_clear_halt
 .text.usb_get_configuration_len
                0x00000000178155e0       0x74 common/built-in.o
                0x00000000178155e0                usb_get_configuration_len
 .text.usb_get_configuration_no
                0x0000000017815654       0x34 common/built-in.o
                0x0000000017815654                usb_get_configuration_no
 .text.usb_set_interface
                0x0000000017815688       0xb4 common/built-in.o
                0x0000000017815688                usb_set_interface
 .text.usb_string
                0x000000001781573c      0x100 common/built-in.o
                0x000000001781573c                usb_string
 .text.usb_get_dev_index
                0x000000001781583c       0x24 common/built-in.o
                0x000000001781583c                usb_get_dev_index
 .text.usb_alloc_new_device
                0x0000000017815860       0x9c common/built-in.o
                0x0000000017815860                usb_alloc_new_device
 .text.usb_free_device
                0x00000000178158fc       0x48 common/built-in.o
                0x00000000178158fc                usb_free_device
 .text.usb_alloc_device
                0x0000000017815944        0x8 common/built-in.o
                0x0000000017815944                usb_alloc_device
 .text.usb_select_config
                0x000000001781594c      0x458 common/built-in.o
                0x000000001781594c                usb_select_config
 .text.usb_setup_device
                0x0000000017815da4      0x19c common/built-in.o
                0x0000000017815da4                usb_setup_device
 .text.usb_new_device
                0x0000000017815f40       0x34 common/built-in.o
                0x0000000017815f40                usb_new_device
 .text.usb_init
                0x0000000017815f74      0x148 common/built-in.o
                0x0000000017815f74                usb_init
 .text.board_usb_init
                0x00000000178160bc        0x8 common/built-in.o
                0x00000000178160bc                board_usb_init
 .text.board_usb_cleanup
                0x00000000178160c4        0x8 common/built-in.o
                0x00000000178160c4                board_usb_cleanup
 .text.usb_device_has_child_on_port
                0x00000000178160cc       0x14 common/built-in.o
                0x00000000178160cc                usb_device_has_child_on_port
 .text.usb_find_usb2_hub_address_port
                0x00000000178160e0       0x5c common/built-in.o
                0x00000000178160e0                usb_find_usb2_hub_address_port
 .text.usb_set_port_feature
                0x000000001781613c       0x4c common/built-in.o
 .text.usb_clear_port_feature
                0x0000000017816188       0x4c common/built-in.o
 .text.usb_get_hub_descriptor
                0x00000000178161d4       0x4c common/built-in.o
 .text.usb_hub_power_on
                0x0000000017816220       0x6c common/built-in.o
 .text.usb_hub_reset_devices
                0x000000001781628c        0x4 common/built-in.o
                0x000000001781628c                usb_hub_reset_devices
 .text.usb_get_port_status
                0x0000000017816290       0x4c common/built-in.o
                0x0000000017816290                usb_get_port_status
 .text.usb_hub_reset
                0x00000000178162dc       0x14 common/built-in.o
                0x00000000178162dc                usb_hub_reset
 .text.legacy_hub_port_reset
                0x00000000178162f0       0xa0 common/built-in.o
                0x00000000178162f0                legacy_hub_port_reset
 .text.usb_hub_port_connect_change
                0x0000000017816390      0x16c common/built-in.o
                0x0000000017816390                usb_hub_port_connect_change
 .text.usb_hub_configure
                0x00000000178164fc      0x2c8 common/built-in.o
 .text.usb_hub_probe
                0x00000000178167c4       0x54 common/built-in.o
                0x00000000178167c4                usb_hub_probe
 .text.usb_stor_irq
                0x0000000017816818       0x1c common/built-in.o
 .text.usb_stor_BBB_reset
                0x0000000017816834       0xd0 common/built-in.o
 .text.usb_stor_CB_reset
                0x0000000017816904       0xd0 common/built-in.o
 .text.usb_stor_BBB_clear_endpt_stall.isra.0
                0x00000000178169d4       0x40 common/built-in.o
 .text.usb_stor_BBB_transport
                0x0000000017816a14      0x25c common/built-in.o
 .text.usb_stor_CB_comdat
                0x0000000017816c70      0x204 common/built-in.o
 .text.usb_stor_CBI_get_status.isra.2
                0x0000000017816e74       0xc8 common/built-in.o
 .text.usb_stor_CB_transport
                0x0000000017816f3c      0x228 common/built-in.o
 .text.usb_request_sense.constprop.8
                0x0000000017817164       0x70 common/built-in.o
 .text.usb_stor_read
                0x00000000178171d4      0x188 common/built-in.o
 .text.usb_stor_write
                0x000000001781735c      0x188 common/built-in.o
 .text.usb_stor_get_dev
                0x00000000178174e4       0x28 common/built-in.o
                0x00000000178174e4                usb_stor_get_dev
 .text.usb_stor_info
                0x000000001781750c       0x74 common/built-in.o
                0x000000001781750c                usb_stor_info
 .text.usb_storage_probe
                0x0000000017817580      0x204 common/built-in.o
                0x0000000017817580                usb_storage_probe
 .text.usb_stor_get_info
                0x0000000017817784      0x31c common/built-in.o
                0x0000000017817784                usb_stor_get_info
 .text.usb_stor_scan
                0x0000000017817aa0      0x1f8 common/built-in.o
                0x0000000017817aa0                usb_stor_scan
 .text.splash_screen_prepare
                0x0000000017817c98        0x8 common/built-in.o
                0x0000000017817c98                splash_screen_prepare
 .text.splash_get_pos
                0x0000000017817ca0       0x88 common/built-in.o
                0x0000000017817ca0                splash_get_pos
 .text.env_get_char_spec
                0x0000000017817d28        0xc common/built-in.o
                0x0000000017817d28                env_get_char_spec
 .text.env_get_addr
                0x0000000017817d34       0x20 common/built-in.o
                0x0000000017817d34                env_get_addr
 .text.env_get_char_memory
                0x0000000017817d54       0x10 common/built-in.o
                0x0000000017817d54                env_get_char_memory
 .text.env_get_char
                0x0000000017817d64       0x30 common/built-in.o
                0x0000000017817d64                env_get_char
 .text.getenv_yesno
                0x0000000017817d94       0x40 common/built-in.o
                0x0000000017817d94                getenv_yesno
 .text.getenv_default
                0x0000000017817dd4       0x30 common/built-in.o
                0x0000000017817dd4                getenv_default
 .text.set_default_env
                0x0000000017817e04       0xc0 common/built-in.o
                0x0000000017817e04                set_default_env
 .text.set_default_vars
                0x0000000017817ec4       0x38 common/built-in.o
                0x0000000017817ec4                set_default_vars
 .text.env_import
                0x0000000017817efc       0xdc common/built-in.o
                0x0000000017817efc                env_import
 .text.env_export
                0x0000000017817fd8       0xa0 common/built-in.o
                0x0000000017817fd8                env_export
 .text.env_relocate
                0x0000000017818078       0x2c common/built-in.o
                0x0000000017818078                env_relocate
 .text.env_complete
                0x00000000178180a4       0xf0 common/built-in.o
                0x00000000178180a4                env_complete
 .text.console_setfile
                0x0000000017818194       0xc0 common/built-in.o
 .text.serial_printf
                0x0000000017818254       0x44 common/built-in.o
                0x0000000017818254                serial_printf
 .text.putc     0x0000000017818298       0x34 common/built-in.o
                0x0000000017818298                putc
 .text.puts     0x00000000178182cc       0x34 common/built-in.o
                0x00000000178182cc                puts
 .text.fgetc    0x0000000017818300       0x24 common/built-in.o
                0x0000000017818300                fgetc
 .text.getc     0x0000000017818324       0x24 common/built-in.o
                0x0000000017818324                getc
 .text.ftstc    0x0000000017818348       0x24 common/built-in.o
                0x0000000017818348                ftstc
 .text.tstc     0x000000001781836c       0x24 common/built-in.o
                0x000000001781836c                tstc
 .text.ctrlc    0x0000000017818390       0x58 common/built-in.o
                0x0000000017818390                ctrlc
 .text.confirm_yesno
                0x00000000178183e8       0xd4 common/built-in.o
                0x00000000178183e8                confirm_yesno
 .text.had_ctrlc
                0x00000000178184bc       0x10 common/built-in.o
                0x00000000178184bc                had_ctrlc
 .text.clear_ctrlc
                0x00000000178184cc       0x14 common/built-in.o
                0x00000000178184cc                clear_ctrlc
 .text.search_device
                0x00000000178184e0       0x28 common/built-in.o
                0x00000000178184e0                search_device
 .text.console_assign
                0x0000000017818508       0x48 common/built-in.o
                0x0000000017818508                console_assign
 .text.on_console
                0x0000000017818550       0xb8 common/built-in.o
 .text.console_init_f
                0x0000000017818608       0x10 common/built-in.o
                0x0000000017818608                console_init_f
 .text.stdio_print_current_devices
                0x0000000017818618       0xb0 common/built-in.o
                0x0000000017818618                stdio_print_current_devices
 .text.console_init_r
                0x00000000178186c8      0x194 common/built-in.o
                0x00000000178186c8                console_init_r
 .text.sbrk     0x000000001781885c       0x6c common/built-in.o
                0x000000001781885c                sbrk
 .text.mem_malloc_init
                0x00000000178188c8       0x34 common/built-in.o
                0x00000000178188c8                mem_malloc_init
 .text.malloc_trim
                0x00000000178188fc       0xcc common/built-in.o
                0x00000000178188fc                malloc_trim
 .text.free     0x00000000178189c8      0x24c common/built-in.o
                0x00000000178189c8                free
 .text.malloc   0x0000000017818c14      0x628 common/built-in.o
                0x0000000017818c14                malloc
 .text.calloc   0x000000001781923c      0x144 common/built-in.o
                0x000000001781923c                calloc
 .text.realloc  0x0000000017819380      0x4e0 common/built-in.o
                0x0000000017819380                realloc
 .text.memalign
                0x0000000017819860      0x140 common/built-in.o
                0x0000000017819860                memalign
 .text.initf_malloc
                0x00000000178199a0       0x18 common/built-in.o
                0x00000000178199a0                initf_malloc
 .text.malloc_simple
                0x00000000178199b8       0x30 common/built-in.o
                0x00000000178199b8                malloc_simple
 .text.on_loadaddr
                0x00000000178199e8       0x38 common/built-in.o
 .text.image_check_hcrc
                0x0000000017819a20       0x4c common/built-in.o
                0x0000000017819a20                image_check_hcrc
 .text.image_check_dcrc
                0x0000000017819a6c       0x38 common/built-in.o
                0x0000000017819a6c                image_check_dcrc
 .text.image_multi_count
                0x0000000017819aa4       0x1c common/built-in.o
                0x0000000017819aa4                image_multi_count
 .text.image_multi_getimg
                0x0000000017819ac0       0x80 common/built-in.o
                0x0000000017819ac0                image_multi_getimg
 .text.getenv_bootm_low
                0x0000000017819b40       0x30 common/built-in.o
                0x0000000017819b40                getenv_bootm_low
 .text.getenv_bootm_size
                0x0000000017819b70       0x68 common/built-in.o
                0x0000000017819b70                getenv_bootm_size
 .text.getenv_bootm_mapsize
                0x0000000017819bd8       0x30 common/built-in.o
                0x0000000017819bd8                getenv_bootm_mapsize
 .text.memmove_wd
                0x0000000017819c08        0xc common/built-in.o
                0x0000000017819c08                memmove_wd
 .text.genimg_print_size
                0x0000000017819c14       0x30 common/built-in.o
                0x0000000017819c14                genimg_print_size
 .text.get_table_entry
                0x0000000017819c44       0x24 common/built-in.o
                0x0000000017819c44                get_table_entry
 .text.get_table_entry_name
                0x0000000017819c68       0x20 common/built-in.o
                0x0000000017819c68                get_table_entry_name
 .text.genimg_get_os_name
                0x0000000017819c88       0x18 common/built-in.o
                0x0000000017819c88                genimg_get_os_name
 .text.genimg_get_arch_name
                0x0000000017819ca0       0x18 common/built-in.o
                0x0000000017819ca0                genimg_get_arch_name
 .text.genimg_get_type_name
                0x0000000017819cb8       0x18 common/built-in.o
                0x0000000017819cb8                genimg_get_type_name
 .text.genimg_get_comp_name
                0x0000000017819cd0       0x18 common/built-in.o
                0x0000000017819cd0                genimg_get_comp_name
 .text.image_print_contents
                0x0000000017819ce8      0x178 common/built-in.o
                0x0000000017819ce8                image_print_contents
 .text.genimg_get_kernel_addr_fit
                0x0000000017819e60       0x24 common/built-in.o
                0x0000000017819e60                genimg_get_kernel_addr_fit
 .text.genimg_get_format
                0x0000000017819e84       0x34 common/built-in.o
                0x0000000017819e84                genimg_get_format
 .text.genimg_get_image
                0x0000000017819eb8        0x4 common/built-in.o
                0x0000000017819eb8                genimg_get_image
 .text.genimg_has_config
                0x0000000017819ebc        0x8 common/built-in.o
                0x0000000017819ebc                genimg_has_config
 .text.boot_get_ramdisk
                0x0000000017819ec4      0x274 common/built-in.o
                0x0000000017819ec4                boot_get_ramdisk
 .text.boot_ramdisk_high
                0x000000001781a138      0x144 common/built-in.o
                0x000000001781a138                boot_ramdisk_high
 .text.boot_get_setup
                0x000000001781a27c        0x8 common/built-in.o
                0x000000001781a27c                boot_get_setup
 .text.image_setup_linux
                0x000000001781a284       0x8c common/built-in.o
                0x000000001781a284                image_setup_linux
 .text.fdt_error
                0x000000001781a310       0x2c common/built-in.o
 .text.boot_fdt_add_mem_rsv_regions
                0x000000001781a33c       0x88 common/built-in.o
                0x000000001781a33c                boot_fdt_add_mem_rsv_regions
 .text.boot_relocate_fdt
                0x000000001781a3c4      0x198 common/built-in.o
                0x000000001781a3c4                boot_relocate_fdt
 .text.boot_get_fdt
                0x000000001781a55c      0x2ac common/built-in.o
                0x000000001781a55c                boot_get_fdt
 .text.ft_verify_fdt
                0x000000001781a808        0x8 common/built-in.o
                0x000000001781a808                ft_verify_fdt
 .text.image_setup_libfdt
                0x000000001781a810      0x100 common/built-in.o
                0x000000001781a810                image_setup_libfdt
 .text.get_effective_memsize
                0x000000001781a910        0x8 common/built-in.o
                0x000000001781a910                get_effective_memsize
 .text.nulldev_putc
                0x000000001781a918        0x4 common/built-in.o
 .text.nulldev_puts
                0x000000001781a91c        0x4 common/built-in.o
 .text.nulldev_input
                0x000000001781a920        0x8 common/built-in.o
 .text.stdio_serial_tstc
                0x000000001781a928        0x4 common/built-in.o
 .text.stdio_serial_getc
                0x000000001781a92c        0x4 common/built-in.o
 .text.stdio_serial_puts
                0x000000001781a930        0x8 common/built-in.o
 .text.stdio_serial_putc
                0x000000001781a938        0x8 common/built-in.o
 .text.stdio_get_list
                0x000000001781a940        0xc common/built-in.o
                0x000000001781a940                stdio_get_list
 .text.stdio_get_by_name
                0x000000001781a94c       0x5c common/built-in.o
                0x000000001781a94c                stdio_get_by_name
 .text.stdio_clone
                0x000000001781a9a8       0x38 common/built-in.o
                0x000000001781a9a8                stdio_clone
 .text.stdio_register_dev
                0x000000001781a9e0       0x50 common/built-in.o
                0x000000001781a9e0                stdio_register_dev
 .text.stdio_register
                0x000000001781aa30        0x8 common/built-in.o
                0x000000001781aa30                stdio_register
 .text.stdio_init_tables
                0x000000001781aa38       0x1c common/built-in.o
                0x000000001781aa38                stdio_init_tables
 .text.stdio_add_devices
                0x000000001781aa54       0xd4 common/built-in.o
                0x000000001781aa54                stdio_add_devices
 .text.run_command
                0x000000001781ab28       0x10 common/built-in.o
                0x000000001781ab28                run_command
 .text.run_command_list
                0x000000001781ab38       0x7c common/built-in.o
                0x000000001781ab38                run_command_list
 .text.do_run   0x000000001781abb4       0x78 common/built-in.o
                0x000000001781abb4                do_run
 .text.cli_loop
                0x000000001781ac2c        0xc common/built-in.o
                0x000000001781ac2c                cli_loop
 .text.cli_init
                0x000000001781ac38        0x4 common/built-in.o
                0x000000001781ac38                cli_init
 .text.delete_char.part.0
                0x000000001781ac3c       0xd0 common/built-in.o
 .text.cread_add_char
                0x000000001781ad0c       0xe8 common/built-in.o
 .text.cli_readline_into_buffer
                0x000000001781adf4      0x9c0 common/built-in.o
                0x000000001781adf4                cli_readline_into_buffer
 .text.cli_readline
                0x000000001781b7b4       0x14 common/built-in.o
                0x000000001781b7b4                cli_readline
 .text.find_cmd_tbl
                0x000000001781b7c8       0xa4 common/built-in.o
                0x000000001781b7c8                find_cmd_tbl
 .text.find_cmd
                0x000000001781b86c       0x28 common/built-in.o
                0x000000001781b86c                find_cmd
 .text.cmd_usage
                0x000000001781b894       0x5c common/built-in.o
                0x000000001781b894                cmd_usage
 .text._do_help
                0x000000001781b8f0      0x178 common/built-in.o
                0x000000001781b8f0                _do_help
 .text.var_complete
                0x000000001781ba68       0x84 common/built-in.o
                0x000000001781ba68                var_complete
 .text.cmd_auto_complete
                0x000000001781baec      0x4b4 common/built-in.o
                0x000000001781baec                cmd_auto_complete
 .text.cmd_get_data_size
                0x000000001781bfa0       0x5c common/built-in.o
                0x000000001781bfa0                cmd_get_data_size
 .text.cmd_process
                0x000000001781bffc       0xec common/built-in.o
                0x000000001781bffc                cmd_process
 .text.cmd_process_error
                0x000000001781c0e8       0x30 common/built-in.o
                0x000000001781c0e8                cmd_process_error
 .text.hex1_bin
                0x000000001781c118       0x40 common/built-in.o
 .text.hex2_bin
                0x000000001781c158       0x38 common/built-in.o
 .text.srec_decode
                0x000000001781c190      0x254 common/built-in.o
                0x000000001781c190                srec_decode
 .text.CYGACC_COMM_IF_GETC_TIMEOUT.isra.0
                0x000000001781c3e4       0x5c common/built-in.o
 .text.xyzModem_flush
                0x000000001781c440       0x1c common/built-in.o
 .text.xyzModem_get_hdr
                0x000000001781c45c      0x230 common/built-in.o
 .text.xyzModem_stream_open
                0x000000001781c68c      0x224 common/built-in.o
                0x000000001781c68c                xyzModem_stream_open
 .text.xyzModem_stream_read
                0x000000001781c8b0      0x254 common/built-in.o
                0x000000001781c8b0                xyzModem_stream_read
 .text.xyzModem_stream_close
                0x000000001781cb04       0x54 common/built-in.o
                0x000000001781cb04                xyzModem_stream_close
 .text.xyzModem_stream_terminate
                0x000000001781cb58       0x94 common/built-in.o
                0x000000001781cb58                xyzModem_stream_terminate
 .text.xyzModem_error
                0x000000001781cbec       0x20 common/built-in.o
                0x000000001781cbec                xyzModem_error
 .text.mxcfb0   0x000000001781cc0c      0x138 common/built-in.o
                0x000000001781cc0c                mxcfb0
 .text.boot_mode
                0x000000001781cd44       0xac common/built-in.o
                0x000000001781cd44                boot_mode
 .text.do_scr_menu
                0x000000001781cdf0       0xbc common/built-in.o
                0x000000001781cdf0                do_scr_menu
 .text.get_dev_hwpart
                0x000000001781ceac       0xa8 disk/built-in.o
 .text.dev_print
                0x000000001781cf54      0x20c disk/built-in.o
                0x000000001781cf54                dev_print
 .text.init_part
                0x000000001781d160       0x20 disk/built-in.o
                0x000000001781d160                init_part
 .text.print_part
                0x000000001781d180       0xf4 disk/built-in.o
                0x000000001781d180                print_part
 .text.get_partition_info
                0x000000001781d274       0x2c disk/built-in.o
                0x000000001781d274                get_partition_info
 .text.get_device
                0x000000001781d2a0      0x128 disk/built-in.o
                0x000000001781d2a0                get_device
 .text.get_device_and_partition
                0x000000001781d3c8      0x3f8 disk/built-in.o
                0x000000001781d3c8                get_device_and_partition
 .text.test_block_type
                0x000000001781d7c0       0x84 disk/built-in.o
 .text.print_partition_extended
                0x000000001781d844      0x274 disk/built-in.o
 .text.get_partition_info_extended.constprop.1
                0x000000001781dab8      0x2fc disk/built-in.o
 .text.test_part_dos
                0x000000001781ddb4       0x60 disk/built-in.o
                0x000000001781ddb4                test_part_dos
 .text.print_part_dos
                0x000000001781de14       0x34 disk/built-in.o
                0x000000001781de14                print_part_dos
 .text.get_partition_info_dos
                0x000000001781de48       0x20 disk/built-in.o
                0x000000001781de48                get_partition_info_dos
 .text.alloc_priv
                0x000000001781de68       0x48 drivers/built-in.o
 .text.device_bind
                0x000000001781deb0      0x304 drivers/built-in.o
                0x000000001781deb0                device_bind
 .text.device_bind_by_name
                0x000000001781e1b4       0x60 drivers/built-in.o
                0x000000001781e1b4                device_bind_by_name
 .text.device_probe
                0x000000001781e214      0x234 drivers/built-in.o
                0x000000001781e214                device_probe
 .text.dev_get_platdata
                0x000000001781e448       0x34 drivers/built-in.o
                0x000000001781e448                dev_get_platdata
 .text.dev_get_priv
                0x000000001781e47c       0x34 drivers/built-in.o
                0x000000001781e47c                dev_get_priv
 .text.lists_driver_lookup_name
                0x000000001781e4b0       0x4c drivers/built-in.o
                0x000000001781e4b0                lists_driver_lookup_name
 .text.lists_uclass_lookup
                0x000000001781e4fc       0x3c drivers/built-in.o
                0x000000001781e4fc                lists_uclass_lookup
 .text.lists_bind_drivers
                0x000000001781e538       0x88 drivers/built-in.o
                0x000000001781e538                lists_bind_drivers
 .text.dm_root  0x000000001781e5c0       0x2c drivers/built-in.o
                0x000000001781e5c0                dm_root
 .text.dm_init  0x000000001781e5ec       0x58 drivers/built-in.o
                0x000000001781e5ec                dm_init
 .text.dm_scan_platdata
                0x000000001781e644       0x2c drivers/built-in.o
                0x000000001781e644                dm_scan_platdata
 .text.dm_scan_other
                0x000000001781e670        0x8 drivers/built-in.o
                0x000000001781e670                dm_scan_other
 .text.dm_init_and_scan
                0x000000001781e678       0x30 drivers/built-in.o
                0x000000001781e678                dm_init_and_scan
 .text.uclass_find
                0x000000001781e6a8       0x4c drivers/built-in.o
                0x000000001781e6a8                uclass_find
 .text.uclass_get
                0x000000001781e6f4      0x124 drivers/built-in.o
                0x000000001781e6f4                uclass_get
 .text.uclass_find_device
                0x000000001781e818       0x74 drivers/built-in.o
                0x000000001781e818                uclass_find_device
 .text.uclass_find_device_by_seq
                0x000000001781e88c       0x7c drivers/built-in.o
                0x000000001781e88c                uclass_find_device_by_seq
 .text.uclass_get_device_tail
                0x000000001781e908       0x2c drivers/built-in.o
                0x000000001781e908                uclass_get_device_tail
 .text.uclass_get_device
                0x000000001781e934       0x30 drivers/built-in.o
                0x000000001781e934                uclass_get_device
 .text.uclass_bind_device
                0x000000001781e964       0x7c drivers/built-in.o
                0x000000001781e964                uclass_bind_device
 .text.uclass_unbind_device
                0x000000001781e9e0       0x4c drivers/built-in.o
                0x000000001781e9e0                uclass_unbind_device
 .text.uclass_resolve_seq
                0x000000001781ea2c       0xb0 drivers/built-in.o
                0x000000001781ea2c                uclass_resolve_seq
 .text.uclass_pre_probe_device
                0x000000001781eadc       0x64 drivers/built-in.o
                0x000000001781eadc                uclass_pre_probe_device
 .text.uclass_post_probe_device
                0x000000001781eb40       0x20 drivers/built-in.o
                0x000000001781eb40                uclass_post_probe_device
 .text.uclass_pre_remove_device
                0x000000001781eb60       0x20 drivers/built-in.o
                0x000000001781eb60                uclass_pre_remove_device
 .text.dm_warn  0x000000001781eb80       0x28 drivers/built-in.o
                0x000000001781eb80                dm_warn
 .text.device_free
                0x000000001781eba8       0x90 drivers/built-in.o
                0x000000001781eba8                device_free
 .text.device_remove
                0x000000001781ec38      0x138 drivers/built-in.o
                0x000000001781ec38                device_remove
 .text.show_devices
                0x000000001781ed70       0xfc drivers/built-in.o
 .text.dm_dump_all
                0x000000001781ee6c       0x3c drivers/built-in.o
                0x000000001781ee6c                dm_dump_all
 .text.dm_dump_uclass
                0x000000001781eea8       0xdc drivers/built-in.o
                0x000000001781eea8                dm_dump_uclass
 .text.finish_access
                0x000000001781ef84       0x2c drivers/built-in.o
 .text.setup_direct_access
                0x000000001781efb0      0x120 drivers/built-in.o
 .text.prepare_access
                0x000000001781f0d0       0xcc drivers/built-in.o
 .text.fuse_bank_physical
                0x000000001781f19c       0xd4 drivers/built-in.o
                0x000000001781f19c                fuse_bank_physical
 .text.fuse_word_physical
                0x000000001781f270       0x40 drivers/built-in.o
                0x000000001781f270                fuse_word_physical
 .text.fuse_read
                0x000000001781f2b0       0x80 drivers/built-in.o
                0x000000001781f2b0                fuse_read
 .text.fuse_sense
                0x000000001781f330       0x94 drivers/built-in.o
                0x000000001781f330                fuse_sense
 .text.fuse_prog
                0x000000001781f3c4       0x88 drivers/built-in.o
                0x000000001781f3c4                fuse_prog
 .text.fuse_override
                0x000000001781f44c       0x78 drivers/built-in.o
                0x000000001781f44c                fuse_override
 .text.dfu_write_buffer_drain
                0x000000001781f4c4       0xa8 drivers/built-in.o
 .text.dfu_free_buf
                0x000000001781f56c       0x20 drivers/built-in.o
                0x000000001781f56c                dfu_free_buf
 .text.dfu_get_buf_size
                0x000000001781f58c       0x10 drivers/built-in.o
                0x000000001781f58c                dfu_get_buf_size
 .text.dfu_get_buf
                0x000000001781f59c       0xb8 drivers/built-in.o
                0x000000001781f59c                dfu_get_buf
 .text.dfu_write_transaction_cleanup
                0x000000001781f654       0x44 drivers/built-in.o
                0x000000001781f654                dfu_write_transaction_cleanup
 .text.dfu_flush
                0x000000001781f698       0x64 drivers/built-in.o
                0x000000001781f698                dfu_flush
 .text.dfu_write
                0x000000001781f6fc      0x184 drivers/built-in.o
                0x000000001781f6fc                dfu_write
 .text.dfu_read
                0x000000001781f880      0x26c drivers/built-in.o
                0x000000001781f880                dfu_read
 .text.dfu_free_entities
                0x000000001781faec       0x9c drivers/built-in.o
                0x000000001781faec                dfu_free_entities
 .text.dfu_config_entities
                0x000000001781fb88      0x278 drivers/built-in.o
                0x000000001781fb88                dfu_config_entities
 .text.dfu_init_env_entities
                0x000000001781fe00       0x90 drivers/built-in.o
                0x000000001781fe00                dfu_init_env_entities
 .text.dfu_get_dev_type
                0x000000001781fe90       0x3c drivers/built-in.o
                0x000000001781fe90                dfu_get_dev_type
 .text.dfu_get_layout
                0x000000001781fecc       0x3c drivers/built-in.o
                0x000000001781fecc                dfu_get_layout
 .text.dfu_show_entities
                0x000000001781ff08       0x74 drivers/built-in.o
                0x000000001781ff08                dfu_show_entities
 .text.dfu_get_alt_number
                0x000000001781ff7c       0x10 drivers/built-in.o
                0x000000001781ff7c                dfu_get_alt_number
 .text.dfu_get_entity
                0x000000001781ff8c       0x40 drivers/built-in.o
                0x000000001781ff8c                dfu_get_entity
 .text.mmc_block_op
                0x000000001781ffcc      0x1e0 drivers/built-in.o
 .text.mmc_file_op
                0x00000000178201ac      0x19c drivers/built-in.o
 .text.dfu_free_entity_mmc